
> vite_react_shadcn_ts@0.0.0 build
> vite build

[36mvite v5.4.19 [32mbuilding for production...[36m[39m
transforming...
node.exe : Browserslist: browsers data 
(caniuse-lite) is 9 months old. Please run:
At line:1 char:1
+ & "C:\Program Files\nodejs/node.exe" 
"C:\Users\amirh\AppData\Roaming\ ...
+ ~~~~~~~~~~~~~~~~~~~~~~~~~~~~~~~~~~~~~~~~~~~~~~~~~
~~~~~~~~~~~~~~~~~~~~
    + CategoryInfo          : NotSpecified: (Brows 
   erslist: b...ld. Please run::String) [], Remot  
  eException
    + FullyQualifiedErrorId : NativeCommandError
 
  npx update-browserslist-db@latest
  Why you should do it regularly: 
https://github.com/browserslist/update-db#readme
[33m[vite:css] @import must precede all other 
statements (besides @charset or empty @layer)
3  |  @tailwind utilities;
4  |  
5  |  @import url('https://fonts.googleapis.com/css
2?family=JetBrains+Mono:wght@400;500;600&family=Out
fit:wght@300;400;500;600;700;800&display=swap');
   |  ^^^^^^^^^^^^^^^^^^^^^^^^^^^^^^^^^^^^^^^^^^^^^
^^^^^^^^^^^^^^^^^^^^^^^^^^^^^^^^^^^^^^^^^^^^^^^^^^^
^^^^^^^^^^^^^^^^^^^^^^^^^^^^^^^^^^^^^^^^^^^^^^^^
6  |  
7  |  @layer base {[39m
[32mΓ£ô[39m 1724 modules transformed.
rendering chunks...
computing gzip size...
[2mdist/[22m[32mindex.html                   [39m[1m[2m  1.44 kB[22m[1m[22m[2m Γöé gzip:   0.61 kB[22m
[2mdist/[22m[32massets/profile-BVBmzE8E.jpg  [39m[1m[2m 35.68 kB[22m[1m[22m
[2mdist/[22m[35massets/index-CFmTtKTV.css    [39m[1m[2m 88.35 kB[22m[1m[22m[2m Γöé gzip:  14.54 kB[22m
[2mdist/[22m[36massets/index-BdaeKSMd.js     [39m[1m[2m426.60 kB[22m[1m[22m[2m Γöé gzip: 131.69 kB[22m
[32mΓ£ô built in 3.58s[39m
